
> oasis-bi-pro-duitku@2.1.0 build
> next build

Attention: Next.js now collects completely anonymous telemetry regarding usage.
This information is used to shape Next.js' roadmap and prioritize features.
You can learn more, including how to opt-out if you'd not like to participate in this anonymous program, by visiting the following URL:
https://nextjs.org/telemetry

   ▲ Next.js 15.5.6
   - Environments: .env.local

   Creating an optimized production build ...
<w> [webpack.cache.PackFileCacheStrategy] Serializing big strings (128kiB) impacts deserialization performance (consider using Buffer instead and decode when needed)
 ⚠ Compiled with warnings in 3.4s

./node_modules/@supabase/realtime-js/dist/module/lib/websocket-factory.js
A Node.js API is used (process.versions at line: 39) which is not supported in the Edge Runtime.
Learn more: https://nextjs.org/docs/api-reference/edge-runtime

Import trace for requested module:
./node_modules/@supabase/realtime-js/dist/module/lib/websocket-factory.js
./node_modules/@supabase/realtime-js/dist/module/index.js
./node_modules/@supabase/supabase-js/dist/module/index.js
./node_modules/@supabase/ssr/dist/module/createBrowserClient.js
./node_modules/@supabase/ssr/dist/module/index.js

./node_modules/@supabase/supabase-js/dist/module/index.js
A Node.js API is used (process.version at line: 32) which is not supported in the Edge Runtime.
Learn more: https://nextjs.org/docs/api-reference/edge-runtime

Import trace for requested module:
./node_modules/@supabase/supabase-js/dist/module/index.js
./node_modules/@supabase/ssr/dist/module/createBrowserClient.js
./node_modules/@supabase/ssr/dist/module/index.js

 ✓ Compiled successfully in 28.8s
   Skipping validation of types
   Linting ...
   Collecting page data ...
━━━━━━━━━━━━━━━━━━━━━━━━━━━━━━━━━━━━━━━━
❌ CRITICAL: Missing NEXT_PUBLIC_SUPABASE_ANON_KEY
━━━━━━━━━━━━━━━━━━━━━━━━━━━━━━━━━━━━━━━━
Error: Missing NEXT_PUBLIC_SUPABASE_ANON_KEY environment variable
    at 53817 (.next/server/app/api/faspay/callback/route.js:1:11763)
    at c (.next/server/webpack-runtime.js:1:127)
    at 3072 (.next/server/app/api/faspay/callback/route.js:1:546)
    at c (.next/server/webpack-runtime.js:1:127)
    at <unknown> (.next/server/app/api/faspay/callback/route.js:1:22108)
    at c.X (.next/server/webpack-runtime.js:1:1191)
    at <unknown> (.next/server/app/api/faspay/callback/route.js:1:22083)
    at Object.<anonymous> (.next/server/app/api/faspay/callback/route.js:1:22139)

> Build error occurred
[Error: Failed to collect page data for /api/faspay/callback] {
  type: 'Error'
}
